// Jest Snapshot v1, https://goo.gl/fbAQLP

exports[`Footer should render Footer correctly 1`] = `
<footer
  className="footer"
>
  <div
    className="container"
  >
    <div
      className="content has-text-centered"
    >
      <p>
        <strong>
          ArchiNews
        </strong>
         by
        <a
          href=""
        >
          Artur Minsk
        </a>
        . The source code is licensed
        <a
          href="http://opensource.org/licenses/mit-license.php"
        >
          MIT
        </a>
        . The website content is provided by
        <a
          href="https://newsapi.org/"
        >
          News API
        </a>
        .
      </p>
    </div>
  </div>
</footer>
`;
